../Core/Src/main.c:94:5:main	8	static
../Core/Src/main.c:148:6:SystemClock_Config	88	static
../Core/Src/main.c:195:13:MX_USART2_UART_Init	8	static
../Core/Src/main.c:226:13:MX_DMA_Init	16	static
../Core/Src/main.c:247:13:MX_GPIO_Init	48	static
../Core/Src/main.c:280:6:UARTDMAConfig	8	static
../Core/Src/main.c:286:6:HAL_UART_RXCpltCallback	16	static
../Core/Src/main.c:298:6:ButtonUpdate	8	static
../Core/Src/main.c:303:6:LEDOnOff	16	static
../Core/Src/main.c:322:6:Process	8	static
../Core/Src/main.c:423:6:Error_Handler	4	static,ignoring_inline_asm
